// Jest Snapshot v1, https://goo.gl/fbAQLP

exports[`renders a login form 1`] = `
<div>
  <h1>
    Log in
  </h1>
  <div
    className="login-form"
  >
    <form>
      <label
        htmlFor="login-user"
      >
        Username
      </label>
      <input
        id="login-user"
      />
      <label
        htmlFor="login-pass"
      >
        Password
      </label>
      <input
        id="login-pass"
      />
      <button
        id="login-submit"
      >
        Submit
      </button>
    </form>
  </div>
</div>
`;
